../Core/Src/oled.c:24:6:OLED_Init	16	static
../Core/Src/oled.c:42:6:OLED_WR_CMD	32	static
../Core/Src/oled.c:53:6:OLED_WR_DATA	32	static
../Core/Src/oled.c:64:6:OLED_On	16	static
../Core/Src/oled.c:83:6:OLED_Clear	16	static
../Core/Src/oled.c:101:6:OLED_Display_On	8	static
../Core/Src/oled.c:114:6:OLED_Display_Off	8	static
../Core/Src/oled.c:127:6:OLED_Set_Pos	16	static
../Core/Src/oled.c:141:14:oled_pow	24	static
../Core/Src/oled.c:158:6:OLED_ShowChar	32	static
../Core/Src/oled.c:206:6:OLED_ShowString	40	static
../Core/Src/oled.c:241:6:OLED_ShowNum	40	static
../Core/Src/oled.c:274:6:OLED_Showdecimal	48	static
../Core/Src/oled.c:330:6:OLED_ShowCHinese	32	static
../Core/Src/oled.c:364:6:OLED_DrawBMP	32	static
../Core/Src/oled.c:394:6:OLED_HorizontalShift	16	static
../Core/Src/oled.c:417:6:OLED_Some_HorizontalShift	16	static
../Core/Src/oled.c:438:6:OLED_VerticalAndHorizontalShift	16	static
../Core/Src/oled.c:459:6:OLED_DisplayMode	16	static
../Core/Src/oled.c:470:6:OLED_IntensityControl	16	static
